[debug] [2026-01-12T11:08:05.827Z] ----------------------------------------------------------------------
[debug] [2026-01-12T11:08:05.831Z] Command:       C:\Program Files\nodejs\node.exe C:\Users\pavit\AppData\Roaming\npm\node_modules\firebase-tools\lib\bin\firebase.js init emulators
[debug] [2026-01-12T11:08:05.831Z] CLI Version:   15.2.1
[debug] [2026-01-12T11:08:05.831Z] Platform:      win32
[debug] [2026-01-12T11:08:05.832Z] Node Version:  v22.16.0
[debug] [2026-01-12T11:08:05.832Z] Time:          Mon Jan 12 2026 16:38:05 GMT+0530 (India Standard Time)
[debug] [2026-01-12T11:08:05.832Z] ----------------------------------------------------------------------
[debug] 
[info] 
     ######## #### ########  ######## ########     ###     ######  ########
     ##        ##  ##     ## ##       ##     ##  ##   ##  ##       ##
     ######    ##  ########  ######   ########  #########  ######  ######
     ##        ##  ##    ##  ##       ##     ## ##     ##       ## ##
     ##       #### ##     ## ######## ########  ##     ##  ######  ########

You're about to initialize a Firebase project in this directory:

  C:\Users\pavit\OneDrive\Desktop\projects\dorm-ledger\backend

[info] 
=== Project Setup
[info] 
[info] First, let's associate this project directory with a Firebase project.
[info] You can create multiple project aliases by running firebase use --add, 
[info] 
[debug] [2026-01-12T11:26:31.893Z] ExitPromptError: User force closed the prompt with SIGINT
    at Interface.sigint (C:\Users\pavit\AppData\Roaming\npm\node_modules\firebase-tools\node_modules\@inquirer\core\dist\commonjs\lib\create-prompt.js:101:37)
    at Interface.emit (node:events:518:28)
    at [_ttyWrite] [as _ttyWrite] (node:internal/readline/interface:1128:18)
    at ReadStream.onkeypress (node:internal/readline/interface:267:20)
    at ReadStream.emit (node:events:530:35)
    at emitKeys (node:internal/readline/utils:370:14)
    at emitKeys.next (<anonymous>)
    at ReadStream.onData (node:internal/readline/emitKeypressEvents:64:36)
    at ReadStream.emit (node:events:518:28)
    at addChunk (node:internal/streams/readable:561:12)
[error] 
[error] Error: An unexpected error has occurred.
